../Core/Src/main.c:82:6:sendData	24	static
../Core/Src/main.c:91:6:HAL_UART_RxCpltCallback	16	static
../Core/Src/main.c:127:5:main	32	static
../Core/Src/main.c:201:6:SystemClock_Config	88	static
../Core/Src/main.c:243:13:MX_I2C2_Init	8	static
../Core/Src/main.c:277:13:MX_UART4_Init	8	static
../Core/Src/main.c:310:13:MX_UART5_Init	8	static
../Core/Src/main.c:341:13:MX_DMA_Init	16	static
../Core/Src/main.c:359:13:MX_GPIO_Init	24	static
../Core/Src/main.c:378:6:Error_Handler	4	static,ignoring_inline_asm
