../Core/Src/main.c:82:6:sendData	24	static
../Core/Src/main.c:91:6:HAL_UART_RxCpltCallback	16	static
../Core/Src/main.c:127:5:main	32	static
../Core/Src/main.c:198:6:SystemClock_Config	88	static
../Core/Src/main.c:240:13:MX_I2C2_Init	8	static
../Core/Src/main.c:274:13:MX_UART4_Init	8	static
../Core/Src/main.c:307:13:MX_UART5_Init	8	static
../Core/Src/main.c:338:13:MX_DMA_Init	16	static
../Core/Src/main.c:356:13:MX_GPIO_Init	24	static
../Core/Src/main.c:375:6:Error_Handler	4	static,ignoring_inline_asm
